amp_assoc16_3pat: 16 cells, 12 cases, T=200, twin A64s_amp
/home/brandonin/Documents/phaser-design/research/2026-09-14/08-design.py:206: UserWarning: Converting a tensor with requires_grad=True to a scalar may lead to unexpected behavior.
Consider using tensor.detach() first. (Triggered internally at /__w/pytorch/pytorch/torch/csrc/autograd/generated/python_variable_methods.cpp:820.)
  hist.append(dict(it=it, loss=L.item(), task=lt, bg=lb, acc=acc, G0=float(1 + torch.exp(self.logG))))
it 0 loss 2.6673e-01 task 1.081e-01 bg 0.000e+00 acc 0.843 G0 3.010 [7s]
it 10 loss 9.5509e-02 task 7.649e-02 bg 0.000e+00 acc 0.786 G0 2.989 [76s]
it 20 loss 8.0536e-02 task 7.633e-02 bg 0.000e+00 acc 0.786 G0 2.974 [147s]
it 30 loss 7.8525e-02 task 7.635e-02 bg 0.000e+00 acc 0.786 G0 2.968 [218s]
it 40 loss 7.6854e-02 task 7.621e-02 bg 0.000e+00 acc 0.786 G0 2.966 [289s]
it 50 loss 7.6277e-02 task 7.612e-02 bg 0.000e+00 acc 0.786 G0 2.966 [386s]
it 60 loss 7.6071e-02 task 7.584e-02 bg 0.000e+00 acc 0.786 G0 2.967 [457s]
it 70 loss 7.5630e-02 task 7.554e-02 bg 0.000e+00 acc 0.786 G0 2.969 [525s]
it 80 loss 7.5206e-02 task 7.511e-02 bg 0.000e+00 acc 0.786 G0 2.972 [591s]
it 90 loss 7.4238e-02 task 7.415e-02 bg 0.000e+00 acc 0.786 G0 2.978 [658s]
it 100 loss 7.6184e-02 task 7.434e-02 bg 0.000e+00 acc 0.786 G0 2.987 [727s]
it 110 loss 7.2104e-02 task 7.135e-02 bg 0.000e+00 acc 0.786 G0 3.002 [799s]
it 120 loss 8.1420e-02 task 6.784e-02 bg 0.000e+00 acc 0.806 G0 3.039 [870s]
it 130 loss 8.9435e-02 task 7.862e-02 bg 0.000e+00 acc 0.766 G0 3.061 [946s]
it 140 loss 8.7489e-02 task 8.385e-02 bg 0.000e+00 acc 0.745 G0 3.080 [1029s]
it 150 loss 8.2470e-02 task 8.100e-02 bg 0.000e+00 acc 0.755 G0 3.096 [1100s]
it 160 loss 7.6283e-02 task 7.574e-02 bg 0.000e+00 acc 0.766 G0 3.108 [1171s]
it 170 loss 6.7864e-02 task 6.629e-02 bg 0.000e+00 acc 0.783 G0 3.130 [1244s]
it 180 loss 1.4863e-01 task 7.485e-02 bg 0.000e+00 acc 0.764 G0 3.086 [1314s]
it 190 loss 1.0695e-01 task 1.057e-01 bg 0.000e+00 acc 0.693 G0 3.098 [1382s]
it 200 loss 1.0104e-01 task 9.986e-02 bg 0.000e+00 acc 0.703 G0 3.115 [1450s]
it 210 loss 9.6473e-02 task 9.641e-02 bg 0.000e+00 acc 0.724 G0 3.127 [1518s]
it 220 loss 9.9147e-02 task 9.877e-02 bg 0.000e+00 acc 0.703 G0 3.135 [1586s]
it 230 loss 1.0414e-01 task 9.836e-02 bg 0.000e+00 acc 0.705 G0 3.145 [1656s]
it 240 loss 9.8510e-02 task 9.669e-02 bg 0.000e+00 acc 0.704 G0 3.160 [1726s]
it 249 loss 9.5404e-02 task 9.484e-02 bg 0.000e+00 acc 0.713 G0 3.164 [1790s]
saved /home/brandonin/Documents/phaser-design/research/2026-09-14/out/08/amp_assoc16_3pat
