fanout2_s6: 4 cells, 4 cases, T=200, twin A64s_amp
/home/brandonin/Documents/phaser-design/research/2026-09-14/08-design.py:206: UserWarning: Converting a tensor with requires_grad=True to a scalar may lead to unexpected behavior.
Consider using tensor.detach() first. (Triggered internally at /__w/pytorch/pytorch/torch/csrc/autograd/generated/python_variable_methods.cpp:820.)
  hist.append(dict(it=it, loss=L.item(), task=lt, bg=lb, acc=acc, G0=float(1 + torch.exp(self.logG))))
it 0 loss 2.2747e-01 task 1.338e-01 bg 0.000e+00 acc 0.625 G0 3.010 [2s]
it 10 loss 1.4895e-01 task 1.329e-01 bg 0.000e+00 acc 0.625 G0 3.112 [28s]
it 20 loss 9.3090e-02 task 8.975e-02 bg 0.000e+00 acc 0.740 G0 3.221 [54s]
it 30 loss 5.9408e-02 task 1.155e-03 bg 0.000e+00 acc 0.997 G0 3.269 [80s]
it 40 loss 5.3866e-02 task 4.723e-02 bg 0.000e+00 acc 0.875 G0 3.283 [106s]
it 50 loss 4.4711e-02 task 4.448e-02 bg 0.000e+00 acc 0.875 G0 3.294 [132s]
it 60 loss 4.4441e-02 task 4.409e-02 bg 0.000e+00 acc 0.875 G0 3.300 [157s]
it 70 loss 4.3814e-02 task 4.371e-02 bg 0.000e+00 acc 0.875 G0 3.303 [183s]
it 80 loss 4.2327e-02 task 4.232e-02 bg 0.000e+00 acc 0.875 G0 3.305 [209s]
it 90 loss 7.9578e-02 task 4.408e-02 bg 0.000e+00 acc 0.875 G0 3.368 [235s]
it 100 loss 4.8939e-02 task 4.408e-02 bg 0.000e+00 acc 0.875 G0 3.433 [261s]
it 110 loss 4.5404e-02 task 4.242e-02 bg 0.000e+00 acc 0.875 G0 3.473 [287s]
it 120 loss 3.8860e-02 task 3.871e-02 bg 0.000e+00 acc 0.875 G0 3.490 [313s]
it 130 loss 2.6606e-02 task 2.589e-02 bg 0.000e+00 acc 0.875 G0 3.500 [339s]
it 140 loss 5.9223e-04 task 1.773e-05 bg 0.000e+00 acc 1.000 G0 3.511 [365s]
it 150 loss 4.6048e-04 task 0.000e+00 bg 0.000e+00 acc 1.000 G0 3.517 [390s]
it 160 loss 1.3126e-04 task 0.000e+00 bg 0.000e+00 acc 1.000 G0 3.519 [416s]
it 170 loss 9.6803e-06 task 0.000e+00 bg 0.000e+00 acc 1.000 G0 3.520 [442s]
it 180 loss 5.7427e-06 task 0.000e+00 bg 0.000e+00 acc 1.000 G0 3.520 [468s]
it 190 loss 6.3477e-06 task 0.000e+00 bg 0.000e+00 acc 1.000 G0 3.520 [494s]
it 200 loss 1.8625e-06 task 0.000e+00 bg 0.000e+00 acc 1.000 G0 3.520 [520s]
it 210 loss 1.9468e-06 task 0.000e+00 bg 0.000e+00 acc 1.000 G0 3.520 [544s]
it 220 loss 1.6079e-06 task 0.000e+00 bg 0.000e+00 acc 1.000 G0 3.520 [569s]
it 230 loss 1.3544e-06 task 0.000e+00 bg 0.000e+00 acc 1.000 G0 3.520 [594s]
it 240 loss 1.2917e-06 task 0.000e+00 bg 0.000e+00 acc 1.000 G0 3.520 [618s]
it 249 loss 1.2052e-06 task 0.000e+00 bg 0.000e+00 acc 1.000 G0 3.520 [640s]
saved /home/brandonin/Documents/phaser-design/research/2026-09-14/out/08/fanout2_s6
