io6_gate_NOT: 3 cells, 2 cases, T=200, twin A64s_amp
/home/brandonin/Documents/phaser-design/research/2026-09-14/08-design.py:206: UserWarning: Converting a tensor with requires_grad=True to a scalar may lead to unexpected behavior.
Consider using tensor.detach() first. (Triggered internally at /__w/pytorch/pytorch/torch/csrc/autograd/generated/python_variable_methods.cpp:820.)
  hist.append(dict(it=it, loss=L.item(), task=lt, bg=lb, acc=acc, G0=float(1 + torch.exp(self.logG))))
it 0 loss 2.7825e-01 task 8.919e-02 bg 0.000e+00 acc 0.750 G0 3.010 [2s]
it 10 loss 1.2066e-01 task 8.844e-02 bg 0.000e+00 acc 0.750 G0 3.081 [17s]
it 20 loss 9.4567e-02 task 8.530e-02 bg 0.000e+00 acc 0.750 G0 3.152 [33s]
it 30 loss 1.0028e-01 task 7.857e-02 bg 0.000e+00 acc 0.750 G0 3.157 [49s]
it 40 loss 1.1809e-01 task 8.847e-02 bg 0.000e+00 acc 0.750 G0 3.131 [65s]
it 50 loss 9.1110e-02 task 8.965e-02 bg 0.000e+00 acc 0.750 G0 3.122 [81s]
it 60 loss 9.0616e-02 task 8.984e-02 bg 0.000e+00 acc 0.750 G0 3.118 [98s]
it 70 loss 4.7036e-01 task 8.995e-02 bg 0.000e+00 acc 0.750 G0 3.116 [114s]
it 80 loss 9.0024e-02 task 8.985e-02 bg 0.000e+00 acc 0.750 G0 3.117 [133s]
it 90 loss 8.9851e-02 task 8.984e-02 bg 0.000e+00 acc 0.750 G0 3.117 [150s]
it 100 loss 8.9862e-02 task 8.984e-02 bg 0.000e+00 acc 0.750 G0 3.117 [167s]
it 110 loss 8.9835e-02 task 8.983e-02 bg 0.000e+00 acc 0.750 G0 3.117 [184s]
it 120 loss 8.9829e-02 task 8.982e-02 bg 0.000e+00 acc 0.750 G0 3.117 [201s]
it 130 loss 8.9821e-02 task 8.982e-02 bg 0.000e+00 acc 0.750 G0 3.117 [218s]
it 140 loss 8.9815e-02 task 8.981e-02 bg 0.000e+00 acc 0.750 G0 3.117 [235s]
it 150 loss 8.9808e-02 task 8.981e-02 bg 0.000e+00 acc 0.750 G0 3.117 [281s]
it 160 loss 8.9801e-02 task 8.980e-02 bg 0.000e+00 acc 0.750 G0 3.117 [344s]
it 170 loss 8.9792e-02 task 8.979e-02 bg 0.000e+00 acc 0.750 G0 3.117 [376s]
it 180 loss 8.9783e-02 task 8.978e-02 bg 0.000e+00 acc 0.750 G0 3.117 [406s]
it 190 loss 8.9773e-02 task 8.977e-02 bg 0.000e+00 acc 0.750 G0 3.117 [440s]
it 200 loss 8.9761e-02 task 8.976e-02 bg 0.000e+00 acc 0.750 G0 3.118 [473s]
it 210 loss 8.9747e-02 task 8.975e-02 bg 0.000e+00 acc 0.750 G0 3.118 [517s]
it 220 loss 8.9731e-02 task 8.973e-02 bg 0.000e+00 acc 0.750 G0 3.118 [552s]
it 230 loss 8.9713e-02 task 8.971e-02 bg 0.000e+00 acc 0.750 G0 3.118 [592s]
it 240 loss 8.9692e-02 task 8.969e-02 bg 0.000e+00 acc 0.750 G0 3.118 [629s]
it 249 loss 8.9669e-02 task 8.967e-02 bg 0.000e+00 acc 0.750 G0 3.118 [665s]
saved /home/brandonin/Documents/phaser-design/research/2026-09-14/out/08/io6_gate_NOT
