io6_xg60e-6_gate_XOR: 4 cells, 4 cases, T=200, twin A64s_amp
/home/brandonin/Documents/phaser-design/research/2026-09-14/08-design.py:206: UserWarning: Converting a tensor with requires_grad=True to a scalar may lead to unexpected behavior.
Consider using tensor.detach() first. (Triggered internally at /__w/pytorch/pytorch/torch/csrc/autograd/generated/python_variable_methods.cpp:820.)
  hist.append(dict(it=it, loss=L.item(), task=lt, bg=lb, acc=acc, G0=float(1 + torch.exp(self.logG))))
it 0 loss 2.3538e-01 task 5.542e-02 bg 0.000e+00 acc 0.833 G0 2.809 [2s]
it 10 loss 1.2694e-01 task 4.993e-02 bg 0.000e+00 acc 0.833 G0 2.847 [28s]
it 20 loss 1.2808e-01 task 5.724e-02 bg 0.000e+00 acc 0.833 G0 2.827 [54s]
it 30 loss 1.2918e-01 task 5.731e-02 bg 0.000e+00 acc 0.833 G0 2.820 [80s]
it 40 loss 1.0974e-01 task 5.769e-02 bg 0.000e+00 acc 0.833 G0 2.817 [106s]
it 50 loss 9.2057e-02 task 5.747e-02 bg 1.978e+01 acc 0.833 G0 2.816 [131s]
it 60 loss 7.9901e-02 task 5.757e-02 bg 6.146e+01 acc 0.833 G0 2.816 [157s]
it 70 loss 8.0565e-02 task 5.788e-02 bg 2.323e+01 acc 0.833 G0 2.815 [183s]
it 80 loss 6.8164e-02 task 5.690e-02 bg 1.568e+00 acc 0.833 G0 2.815 [209s]
it 90 loss 6.2970e-02 task 5.716e-02 bg 0.000e+00 acc 0.833 G0 2.815 [235s]
it 100 loss 5.9597e-02 task 5.695e-02 bg 0.000e+00 acc 0.833 G0 2.815 [261s]
it 110 loss 5.7528e-02 task 5.637e-02 bg 0.000e+00 acc 0.833 G0 2.816 [287s]
it 120 loss 5.6496e-02 task 5.587e-02 bg 0.000e+00 acc 0.833 G0 2.816 [314s]
it 130 loss 5.5498e-02 task 5.489e-02 bg 0.000e+00 acc 0.833 G0 2.816 [340s]
it 140 loss 5.4609e-02 task 5.399e-02 bg 0.000e+00 acc 0.833 G0 2.816 [367s]
it 150 loss 5.3607e-02 task 5.299e-02 bg 0.000e+00 acc 0.833 G0 2.816 [392s]
it 160 loss 5.2296e-02 task 5.169e-02 bg 0.000e+00 acc 0.833 G0 2.817 [418s]
it 170 loss 5.0073e-02 task 4.949e-02 bg 0.000e+00 acc 0.833 G0 2.817 [443s]
it 180 loss 4.7404e-02 task 4.698e-02 bg 2.404e-04 acc 0.833 G0 2.818 [468s]
it 190 loss 5.0225e-02 task 4.836e-02 bg 2.949e+00 acc 0.833 G0 2.819 [493s]
it 200 loss 2.3568e-01 task 8.593e-02 bg 0.000e+00 acc 0.750 G0 2.796 [518s]
it 210 loss 7.0087e-01 task 1.170e-01 bg 0.000e+00 acc 0.667 G0 2.767 [543s]
it 220 loss 7.3687e-01 task 1.782e-01 bg 0.000e+00 acc 0.500 G0 2.754 [568s]
it 230 loss 4.1483e-01 task 1.780e-01 bg 0.000e+00 acc 0.500 G0 2.750 [593s]
it 240 loss 2.1862e-01 task 1.779e-01 bg 0.000e+00 acc 0.500 G0 2.748 [617s]
it 249 loss 1.7853e-01 task 1.777e-01 bg 0.000e+00 acc 0.500 G0 2.747 [640s]
saved /home/brandonin/Documents/phaser-design/research/2026-09-14/out/08/io6_xg60e-6_gate_XOR
