xg100_chain2_s6: 3 cells, 4 cases, T=200, twin A64s_amp
/home/brandonin/Documents/phaser-design/research/2026-09-14/08-design.py:206: UserWarning: Converting a tensor with requires_grad=True to a scalar may lead to unexpected behavior.
Consider using tensor.detach() first. (Triggered internally at /__w/pytorch/pytorch/torch/csrc/autograd/generated/python_variable_methods.cpp:820.)
  hist.append(dict(it=it, loss=L.item(), task=lt, bg=lb, acc=acc, G0=float(1 + torch.exp(self.logG))))
it 0 loss 2.1889e-01 task 1.130e-01 bg 0.000e+00 acc 0.667 G0 2.608 [2s]
it 10 loss 7.9939e-02 task 5.854e-02 bg 0.000e+00 acc 0.833 G0 2.654 [28s]
it 20 loss 5.8451e-02 task 5.829e-02 bg 0.000e+00 acc 0.833 G0 2.645 [53s]
it 30 loss 5.6107e-02 task 5.396e-02 bg 0.000e+00 acc 0.833 G0 2.645 [78s]
it 40 loss 6.2139e-02 task 5.264e-02 bg 0.000e+00 acc 0.833 G0 2.646 [104s]
it 50 loss 5.0873e-02 task 5.014e-02 bg 0.000e+00 acc 0.833 G0 2.629 [130s]
it 60 loss 4.6488e-02 task 4.645e-02 bg 0.000e+00 acc 0.833 G0 2.631 [157s]
it 70 loss 1.4901e-02 task 0.000e+00 bg 1.192e-02 acc 1.000 G0 2.645 [185s]
it 80 loss 2.9059e-03 task 0.000e+00 bg 1.988e-02 acc 1.000 G0 2.648 [211s]
it 90 loss 7.0790e-04 task 0.000e+00 bg 4.175e-02 acc 1.000 G0 2.648 [237s]
it 100 loss 3.2217e-04 task 0.000e+00 bg 1.787e-01 acc 1.000 G0 2.648 [263s]
it 110 loss 8.0366e-05 task 0.000e+00 bg 6.617e-02 acc 1.000 G0 2.649 [289s]
it 120 loss 2.3374e-05 task 0.000e+00 bg 5.116e-02 acc 1.000 G0 2.650 [317s]
it 130 loss 2.2120e-06 task 0.000e+00 bg 5.614e-02 acc 1.000 G0 2.650 [346s]
it 140 loss 3.1321e-06 task 0.000e+00 bg 5.218e-02 acc 1.000 G0 2.650 [374s]
it 150 loss 4.7152e-07 task 0.000e+00 bg 4.947e-02 acc 1.000 G0 2.651 [401s]
it 160 loss 7.5761e-07 task 0.000e+00 bg 5.007e-02 acc 1.000 G0 2.651 [428s]
it 170 loss 2.6052e-07 task 0.000e+00 bg 4.971e-02 acc 1.000 G0 2.651 [455s]
it 180 loss 2.8033e-07 task 0.000e+00 bg 4.985e-02 acc 1.000 G0 2.651 [482s]
it 190 loss 2.3224e-07 task 0.000e+00 bg 4.999e-02 acc 1.000 G0 2.651 [508s]
it 200 loss 2.3423e-07 task 0.000e+00 bg 4.966e-02 acc 1.000 G0 2.651 [542s]
it 210 loss 2.3256e-07 task 0.000e+00 bg 4.961e-02 acc 1.000 G0 2.651 [572s]
it 220 loss 2.7639e-07 task 0.000e+00 bg 4.966e-02 acc 1.000 G0 2.651 [599s]
it 230 loss 1.8213e-07 task 0.000e+00 bg 4.958e-02 acc 1.000 G0 2.651 [627s]
it 240 loss 2.0685e-07 task 0.000e+00 bg 4.953e-02 acc 1.000 G0 2.651 [654s]
it 249 loss 1.9878e-07 task 0.000e+00 bg 4.949e-02 acc 1.000 G0 2.651 [679s]
saved /home/brandonin/Documents/phaser-design/research/2026-09-14/out/08/xg100_chain2_s6
