xg100e-6_gate_NOT: 3 cells, 2 cases, T=200, twin A64s_amp
/home/brandonin/Documents/phaser-design/research/2026-09-14/08-design.py:206: UserWarning: Converting a tensor with requires_grad=True to a scalar may lead to unexpected behavior.
Consider using tensor.detach() first. (Triggered internally at /__w/pytorch/pytorch/torch/csrc/autograd/generated/python_variable_methods.cpp:820.)
  hist.append(dict(it=it, loss=L.item(), task=lt, bg=lb, acc=acc, G0=float(1 + torch.exp(self.logG))))
it 0 loss 2.7950e-01 task 8.878e-02 bg 0.000e+00 acc 0.750 G0 2.608 [2s]
it 10 loss 1.1638e-01 task 8.531e-02 bg 0.000e+00 acc 0.750 G0 2.687 [18s]
it 20 loss 1.2124e-01 task 7.309e-02 bg 0.000e+00 acc 0.750 G0 2.709 [35s]
it 30 loss 2.5538e-01 task 7.990e-02 bg 0.000e+00 acc 0.750 G0 2.696 [51s]
it 40 loss 2.2725e-01 task 8.217e-02 bg 0.000e+00 acc 0.750 G0 2.691 [68s]
it 50 loss 1.4772e-01 task 8.347e-02 bg 0.000e+00 acc 0.750 G0 2.690 [85s]
it 60 loss 9.9990e-02 task 8.317e-02 bg 0.000e+00 acc 0.750 G0 2.691 [102s]
it 70 loss 8.3889e-02 task 8.024e-02 bg 0.000e+00 acc 0.750 G0 2.692 [119s]
it 80 loss 7.4750e-02 task 7.369e-02 bg 0.000e+00 acc 0.750 G0 2.694 [136s]
it 90 loss 7.5798e-02 task 7.509e-02 bg 0.000e+00 acc 0.750 G0 2.700 [152s]
it 100 loss 8.1731e-02 task 7.889e-02 bg 0.000e+00 acc 0.750 G0 2.707 [169s]
it 110 loss 7.5956e-02 task 7.421e-02 bg 0.000e+00 acc 0.750 G0 2.713 [186s]
it 120 loss 4.7580e-02 task 4.728e-02 bg 0.000e+00 acc 0.750 G0 2.723 [203s]
it 130 loss 5.6150e-04 task 3.701e-04 bg 0.000e+00 acc 1.000 G0 2.737 [219s]
it 140 loss 7.6286e-04 task 3.779e-04 bg 0.000e+00 acc 1.000 G0 2.738 [236s]
it 150 loss 1.2820e-04 task 0.000e+00 bg 0.000e+00 acc 1.000 G0 2.738 [253s]
it 160 loss 1.4473e-05 task 8.062e-06 bg 0.000e+00 acc 1.000 G0 2.739 [269s]
it 170 loss 1.1773e-05 task 3.227e-11 bg 0.000e+00 acc 1.000 G0 2.739 [286s]
it 180 loss 6.5304e-06 task 0.000e+00 bg 0.000e+00 acc 1.000 G0 2.738 [303s]
it 190 loss 2.9425e-06 task 0.000e+00 bg 0.000e+00 acc 1.000 G0 2.738 [319s]
it 200 loss 3.1679e-06 task 0.000e+00 bg 0.000e+00 acc 1.000 G0 2.738 [336s]
it 210 loss 2.4181e-06 task 0.000e+00 bg 0.000e+00 acc 1.000 G0 2.738 [352s]
it 220 loss 2.3974e-06 task 0.000e+00 bg 0.000e+00 acc 1.000 G0 2.738 [369s]
it 230 loss 2.2977e-06 task 0.000e+00 bg 0.000e+00 acc 1.000 G0 2.738 [385s]
it 240 loss 2.1678e-06 task 0.000e+00 bg 0.000e+00 acc 1.000 G0 2.738 [401s]
it 249 loss 2.2179e-06 task 0.000e+00 bg 0.000e+00 acc 1.000 G0 2.738 [417s]
saved /home/brandonin/Documents/phaser-design/research/2026-09-14/out/08/xg100e-6_gate_NOT
