xg100_countdown4: 5 cells, 4 cases, T=160, twin A64s_amp
/home/brandonin/Documents/phaser-design/research/2026-09-14/08-design.py:206: UserWarning: Converting a tensor with requires_grad=True to a scalar may lead to unexpected behavior.
Consider using tensor.detach() first. (Triggered internally at /__w/pytorch/pytorch/torch/csrc/autograd/generated/python_variable_methods.cpp:820.)
  hist.append(dict(it=it, loss=L.item(), task=lt, bg=lb, acc=acc, G0=float(1 + torch.exp(self.logG))))
it 0 loss 6.7840e+01 task 6.773e+01 bg 0.000e+00 acc 0.624 G0 2.592 [2s]
it 10 loss 7.1846e-02 task 7.185e-02 bg 0.000e+00 acc 0.800 G0 2.549 [22s]
it 20 loss 7.1974e-02 task 7.197e-02 bg 0.000e+00 acc 0.800 G0 2.536 [42s]
it 30 loss 7.1988e-02 task 7.199e-02 bg 0.000e+00 acc 0.800 G0 2.531 [62s]
it 40 loss 7.1991e-02 task 7.199e-02 bg 0.000e+00 acc 0.800 G0 2.529 [82s]
it 50 loss 7.1992e-02 task 7.199e-02 bg 0.000e+00 acc 0.800 G0 2.528 [102s]
it 60 loss 7.1993e-02 task 7.199e-02 bg 0.000e+00 acc 0.800 G0 2.528 [123s]
it 70 loss 7.1992e-02 task 7.199e-02 bg 0.000e+00 acc 0.800 G0 2.527 [143s]
it 80 loss 7.1993e-02 task 7.199e-02 bg 0.000e+00 acc 0.800 G0 2.527 [165s]
it 90 loss 7.1993e-02 task 7.199e-02 bg 0.000e+00 acc 0.800 G0 2.527 [185s]
it 100 loss 7.1992e-02 task 7.199e-02 bg 0.000e+00 acc 0.800 G0 2.527 [206s]
it 110 loss 7.1993e-02 task 7.199e-02 bg 0.000e+00 acc 0.800 G0 2.527 [226s]
it 120 loss 7.1993e-02 task 7.199e-02 bg 0.000e+00 acc 0.800 G0 2.527 [247s]
it 130 loss 7.1992e-02 task 7.199e-02 bg 0.000e+00 acc 0.800 G0 2.527 [270s]
it 140 loss 7.1992e-02 task 7.199e-02 bg 0.000e+00 acc 0.800 G0 2.527 [292s]
it 150 loss 7.1992e-02 task 7.199e-02 bg 0.000e+00 acc 0.800 G0 2.527 [315s]
it 160 loss 7.1993e-02 task 7.199e-02 bg 0.000e+00 acc 0.800 G0 2.527 [337s]
it 170 loss 7.1992e-02 task 7.199e-02 bg 0.000e+00 acc 0.800 G0 2.527 [360s]
it 180 loss 7.1992e-02 task 7.199e-02 bg 0.000e+00 acc 0.800 G0 2.527 [382s]
it 190 loss 7.1992e-02 task 7.199e-02 bg 0.000e+00 acc 0.800 G0 2.527 [405s]
it 200 loss 7.1993e-02 task 7.199e-02 bg 0.000e+00 acc 0.800 G0 2.527 [427s]
it 210 loss 7.1993e-02 task 7.199e-02 bg 0.000e+00 acc 0.800 G0 2.527 [449s]
it 220 loss 7.1993e-02 task 7.199e-02 bg 0.000e+00 acc 0.800 G0 2.527 [471s]
it 230 loss 7.1992e-02 task 7.199e-02 bg 0.000e+00 acc 0.800 G0 2.527 [494s]
it 240 loss 7.1992e-02 task 7.199e-02 bg 0.000e+00 acc 0.800 G0 2.527 [516s]
it 249 loss 7.1992e-02 task 7.199e-02 bg 0.000e+00 acc 0.800 G0 2.527 [536s]
saved /home/brandonin/Documents/phaser-design/research/2026-09-14/out/08/xg100_countdown4
