xg20e-6_gate_NOT: 3 cells, 2 cases, T=200, twin A64s_amp
/home/brandonin/Documents/phaser-design/research/2026-09-14/08-design.py:206: UserWarning: Converting a tensor with requires_grad=True to a scalar may lead to unexpected behavior.
Consider using tensor.detach() first. (Triggered internally at /__w/pytorch/pytorch/torch/csrc/autograd/generated/python_variable_methods.cpp:820.)
  hist.append(dict(it=it, loss=L.item(), task=lt, bg=lb, acc=acc, G0=float(1 + torch.exp(self.logG))))
it 0 loss 2.8050e-01 task 8.972e-02 bg 0.000e+00 acc 0.750 G0 3.010 [2s]
it 10 loss 1.2146e-01 task 8.955e-02 bg 0.000e+00 acc 0.750 G0 3.063 [17s]
it 20 loss 9.9322e-02 task 8.896e-02 bg 0.000e+00 acc 0.750 G0 3.090 [33s]
it 30 loss 9.1163e-02 task 8.791e-02 bg 0.000e+00 acc 0.750 G0 3.181 [48s]
it 40 loss 9.3394e-02 task 8.610e-02 bg 0.000e+00 acc 0.750 G0 3.261 [64s]
it 50 loss 8.9817e-02 task 8.934e-02 bg 0.000e+00 acc 0.750 G0 3.226 [81s]
it 60 loss 8.9824e-02 task 8.938e-02 bg 0.000e+00 acc 0.750 G0 3.213 [96s]
it 70 loss 8.9528e-02 task 8.937e-02 bg 0.000e+00 acc 0.750 G0 3.209 [112s]
it 80 loss 8.9392e-02 task 8.926e-02 bg 0.000e+00 acc 0.750 G0 3.207 [128s]
it 90 loss 8.9199e-02 task 8.915e-02 bg 0.000e+00 acc 0.750 G0 3.207 [143s]
it 100 loss 8.9007e-02 task 8.898e-02 bg 0.000e+00 acc 0.750 G0 3.207 [159s]
it 110 loss 8.8795e-02 task 8.879e-02 bg 0.000e+00 acc 0.750 G0 3.207 [175s]
it 120 loss 8.8553e-02 task 8.855e-02 bg 0.000e+00 acc 0.750 G0 3.208 [190s]
it 130 loss 8.8242e-02 task 8.824e-02 bg 0.000e+00 acc 0.750 G0 3.208 [206s]
it 140 loss 8.7797e-02 task 8.779e-02 bg 0.000e+00 acc 0.750 G0 3.209 [223s]
it 150 loss 8.6910e-02 task 8.691e-02 bg 0.000e+00 acc 0.750 G0 3.211 [239s]
it 160 loss 8.4200e-02 task 8.417e-02 bg 0.000e+00 acc 0.750 G0 3.213 [255s]
it 170 loss 6.2254e-02 task 6.143e-02 bg 0.000e+00 acc 0.750 G0 3.223 [272s]
it 180 loss 4.4171e-02 task 3.427e-02 bg 0.000e+00 acc 0.702 G0 3.250 [288s]
it 190 loss 8.9415e-02 task 8.449e-02 bg 0.000e+00 acc 0.750 G0 3.272 [304s]
it 200 loss 8.6107e-02 task 8.494e-02 bg 0.000e+00 acc 0.750 G0 3.281 [321s]
it 210 loss 8.2499e-02 task 8.200e-02 bg 0.000e+00 acc 0.750 G0 3.289 [338s]
it 220 loss 4.4059e-02 task 3.773e-02 bg 0.000e+00 acc 0.781 G0 3.308 [356s]
it 230 loss 3.2873e-02 task 3.199e-02 bg 0.000e+00 acc 0.814 G0 3.318 [374s]
it 240 loss 6.2889e-02 task 6.238e-02 bg 0.000e+00 acc 0.750 G0 3.327 [391s]
it 249 loss 9.0869e-02 task 3.739e-02 bg 0.000e+00 acc 0.750 G0 3.326 [407s]
saved /home/brandonin/Documents/phaser-design/research/2026-09-14/out/08/xg20e-6_gate_NOT
