xg40e-6_gate_OR_rail: 4 cells, 4 cases, T=200, twin A64s_amp
/home/brandonin/Documents/phaser-design/research/2026-09-14/08-design.py:206: UserWarning: Converting a tensor with requires_grad=True to a scalar may lead to unexpected behavior.
Consider using tensor.detach() first. (Triggered internally at /__w/pytorch/pytorch/torch/csrc/autograd/generated/python_variable_methods.cpp:820.)
  hist.append(dict(it=it, loss=L.item(), task=lt, bg=lb, acc=acc, G0=float(1 + torch.exp(self.logG))))
it 0 loss 2.7005e-01 task 8.953e-02 bg 0.000e+00 acc 0.750 G0 2.809 [3s]
it 10 loss 1.1732e-01 task 8.879e-02 bg 0.000e+00 acc 0.750 G0 2.869 [28s]
it 20 loss 9.5968e-02 task 8.630e-02 bg 0.000e+00 acc 0.750 G0 2.941 [54s]
it 30 loss 3.2027e-02 task 2.801e-02 bg 0.000e+00 acc 0.917 G0 2.997 [80s]
it 40 loss 8.8886e-02 task 8.759e-02 bg 0.000e+00 acc 0.750 G0 2.970 [106s]
it 50 loss 8.9900e-02 task 8.858e-02 bg 0.000e+00 acc 0.750 G0 2.960 [132s]
it 60 loss 8.7983e-02 task 8.754e-02 bg 0.000e+00 acc 0.750 G0 2.956 [159s]
it 70 loss 8.6731e-02 task 8.670e-02 bg 0.000e+00 acc 0.750 G0 2.955 [186s]
it 80 loss 8.4743e-02 task 8.471e-02 bg 0.000e+00 acc 0.750 G0 2.955 [212s]
it 90 loss 7.3055e-02 task 7.293e-02 bg 0.000e+00 acc 0.750 G0 2.956 [238s]
it 100 loss 5.1935e-02 task 4.945e-02 bg 0.000e+00 acc 0.848 G0 2.963 [264s]
it 110 loss 3.1624e-01 task 8.499e-02 bg 0.000e+00 acc 0.750 G0 2.933 [290s]
it 120 loss 4.3538e-01 task 1.457e-01 bg 0.000e+00 acc 0.583 G0 2.910 [316s]
it 130 loss 2.2732e-01 task 1.471e-01 bg 0.000e+00 acc 0.583 G0 2.902 [342s]
it 140 loss 1.4984e-01 task 1.488e-01 bg 1.580e-01 acc 0.583 G0 2.899 [368s]
it 150 loss 1.4904e-01 task 1.486e-01 bg 0.000e+00 acc 0.583 G0 2.898 [394s]
it 160 loss 1.4859e-01 task 1.484e-01 bg 0.000e+00 acc 0.583 G0 2.898 [420s]
it 170 loss 1.4824e-01 task 1.482e-01 bg 0.000e+00 acc 0.583 G0 2.898 [445s]
it 180 loss 1.4793e-01 task 1.479e-01 bg 0.000e+00 acc 0.583 G0 2.898 [471s]
it 190 loss 1.4750e-01 task 1.475e-01 bg 0.000e+00 acc 0.583 G0 2.898 [497s]
it 200 loss 1.4688e-01 task 1.469e-01 bg 0.000e+00 acc 0.583 G0 2.898 [524s]
it 210 loss 1.4537e-01 task 1.454e-01 bg 6.863e-03 acc 0.583 G0 2.899 [549s]
it 220 loss 1.4236e-01 task 1.423e-01 bg 0.000e+00 acc 0.583 G0 2.899 [575s]
it 230 loss 1.3622e-01 task 1.362e-01 bg 1.929e-02 acc 0.583 G0 2.900 [601s]
it 240 loss 1.4512e-01 task 1.435e-01 bg 2.442e+01 acc 0.583 G0 2.901 [626s]
it 249 loss 1.4264e-01 task 1.425e-01 bg 2.559e+00 acc 0.583 G0 2.902 [649s]
saved /home/brandonin/Documents/phaser-design/research/2026-09-14/out/08/xg40e-6_gate_OR_rail
