xg60e-6_gate_OR_rail: 4 cells, 4 cases, T=200, twin A64s_amp
/home/brandonin/Documents/phaser-design/research/2026-09-14/08-design.py:206: UserWarning: Converting a tensor with requires_grad=True to a scalar may lead to unexpected behavior.
Consider using tensor.detach() first. (Triggered internally at /__w/pytorch/pytorch/torch/csrc/autograd/generated/python_variable_methods.cpp:820.)
  hist.append(dict(it=it, loss=L.item(), task=lt, bg=lb, acc=acc, G0=float(1 + torch.exp(self.logG))))
it 0 loss 2.6959e-01 task 8.925e-02 bg 0.000e+00 acc 0.750 G0 2.809 [2s]
it 10 loss 1.1689e-01 task 8.842e-02 bg 0.000e+00 acc 0.750 G0 2.886 [28s]
it 20 loss 1.0152e-01 task 8.333e-02 bg 0.000e+00 acc 0.750 G0 2.936 [54s]
it 30 loss 9.0498e-02 task 8.714e-02 bg 0.000e+00 acc 0.750 G0 2.920 [80s]
it 40 loss 8.8543e-02 task 8.614e-02 bg 0.000e+00 acc 0.750 G0 2.917 [106s]
it 50 loss 7.0242e-02 task 6.976e-02 bg 0.000e+00 acc 0.755 G0 2.929 [133s]
it 60 loss 9.9659e-02 task 8.754e-02 bg 0.000e+00 acc 0.750 G0 2.890 [160s]
it 70 loss 9.0951e-02 task 8.831e-02 bg 0.000e+00 acc 0.750 G0 2.876 [187s]
it 80 loss 8.9320e-02 task 8.835e-02 bg 0.000e+00 acc 0.750 G0 2.872 [213s]
it 90 loss 8.8463e-02 task 8.757e-02 bg 0.000e+00 acc 0.750 G0 2.871 [240s]
it 100 loss 8.7534e-02 task 8.728e-02 bg 0.000e+00 acc 0.750 G0 2.871 [267s]
it 110 loss 8.6622e-02 task 8.638e-02 bg 0.000e+00 acc 0.750 G0 2.872 [294s]
it 120 loss 8.4652e-02 task 8.450e-02 bg 0.000e+00 acc 0.750 G0 2.874 [321s]
it 130 loss 8.6376e-02 task 5.460e-02 bg 0.000e+00 acc 0.815 G0 2.889 [348s]
it 140 loss 7.4894e-02 task 2.960e-02 bg 1.541e-02 acc 0.914 G0 2.936 [375s]
it 150 loss 3.5313e-02 task 2.899e-02 bg 0.000e+00 acc 0.917 G0 2.970 [402s]
it 160 loss 3.1199e-02 task 2.932e-02 bg 0.000e+00 acc 0.917 G0 2.982 [428s]
it 170 loss 2.9939e-02 task 2.925e-02 bg 0.000e+00 acc 0.917 G0 2.987 [456s]
it 180 loss 2.8426e-02 task 2.828e-02 bg 0.000e+00 acc 0.917 G0 2.989 [483s]
it 190 loss 2.7753e-02 task 2.753e-02 bg 0.000e+00 acc 0.917 G0 2.992 [511s]
it 200 loss 2.6996e-02 task 2.686e-02 bg 0.000e+00 acc 0.917 G0 2.995 [538s]
it 210 loss 2.4860e-02 task 2.466e-02 bg 0.000e+00 acc 0.917 G0 2.999 [566s]
it 220 loss 2.4427e-02 task 2.377e-02 bg 9.011e-04 acc 0.917 G0 3.005 [594s]
it 230 loss 7.2914e-02 task 4.481e-02 bg 5.578e-02 acc 0.834 G0 2.999 [621s]
it 240 loss 6.3539e-02 task 3.139e-02 bg 5.990e-01 acc 0.903 G0 2.927 [648s]
it 249 loss 4.6297e-02 task 2.993e-02 bg 1.126e+00 acc 0.917 G0 2.904 [673s]
saved /home/brandonin/Documents/phaser-design/research/2026-09-14/out/08/xg60e-6_gate_OR_rail
