xg60e-6_sd5_toggle_p100: 2 cells, 1 cases, T=400, twin A64sd5_amp
/home/brandonin/Documents/phaser-design/research/2026-09-14/08-design.py:206: UserWarning: Converting a tensor with requires_grad=True to a scalar may lead to unexpected behavior.
Consider using tensor.detach() first. (Triggered internally at /__w/pytorch/pytorch/torch/csrc/autograd/generated/python_variable_methods.cpp:820.)
  hist.append(dict(it=it, loss=L.item(), task=lt, bg=lb, acc=acc, G0=float(1 + torch.exp(self.logG))))
it 0 loss 1.8000e-01 task 1.800e-01 bg 0.000e+00 acc 0.500 G0 2.800 [3s]
it 10 loss 1.8000e-01 task 1.800e-01 bg 0.000e+00 acc 0.500 G0 2.800 [28s]
it 20 loss 1.8000e-01 task 1.800e-01 bg 0.000e+00 acc 0.500 G0 2.800 [54s]
it 30 loss 1.8000e-01 task 1.800e-01 bg 0.000e+00 acc 0.500 G0 2.800 [79s]
it 40 loss 1.8000e-01 task 1.800e-01 bg 0.000e+00 acc 0.500 G0 2.800 [104s]
it 50 loss 1.8000e-01 task 1.800e-01 bg 0.000e+00 acc 0.500 G0 2.800 [130s]
it 60 loss 1.8000e-01 task 1.800e-01 bg 0.000e+00 acc 0.500 G0 2.800 [154s]
it 70 loss 1.8000e-01 task 1.800e-01 bg 0.000e+00 acc 0.500 G0 2.800 [179s]
it 80 loss 1.8000e-01 task 1.800e-01 bg 0.000e+00 acc 0.500 G0 2.800 [204s]
it 90 loss 1.8000e-01 task 1.800e-01 bg 0.000e+00 acc 0.500 G0 2.800 [229s]
it 100 loss 1.8000e-01 task 1.800e-01 bg 0.000e+00 acc 0.500 G0 2.800 [254s]
it 110 loss 1.8000e-01 task 1.800e-01 bg 0.000e+00 acc 0.500 G0 2.800 [279s]
it 120 loss 1.8000e-01 task 1.800e-01 bg 0.000e+00 acc 0.500 G0 2.800 [304s]
it 130 loss 1.8000e-01 task 1.800e-01 bg 0.000e+00 acc 0.500 G0 2.800 [330s]
it 140 loss 1.8000e-01 task 1.800e-01 bg 0.000e+00 acc 0.500 G0 2.800 [354s]
it 150 loss 1.8000e-01 task 1.800e-01 bg 0.000e+00 acc 0.500 G0 2.800 [380s]
it 160 loss 1.8000e-01 task 1.800e-01 bg 0.000e+00 acc 0.500 G0 2.800 [406s]
it 170 loss 1.8000e-01 task 1.800e-01 bg 0.000e+00 acc 0.500 G0 2.800 [430s]
it 180 loss 1.8000e-01 task 1.800e-01 bg 0.000e+00 acc 0.500 G0 2.800 [453s]
it 190 loss 1.8000e-01 task 1.800e-01 bg 0.000e+00 acc 0.500 G0 2.800 [479s]
it 200 loss 1.8000e-01 task 1.800e-01 bg 0.000e+00 acc 0.500 G0 2.800 [503s]
it 210 loss 1.8000e-01 task 1.800e-01 bg 0.000e+00 acc 0.500 G0 2.800 [528s]
it 220 loss 1.8000e-01 task 1.800e-01 bg 0.000e+00 acc 0.500 G0 2.800 [552s]
it 230 loss 1.8000e-01 task 1.800e-01 bg 0.000e+00 acc 0.500 G0 2.800 [577s]
it 240 loss 1.8000e-01 task 1.800e-01 bg 0.000e+00 acc 0.500 G0 2.800 [601s]
it 249 loss 1.8000e-01 task 1.800e-01 bg 0.000e+00 acc 0.500 G0 2.800 [623s]
saved /home/brandonin/Documents/phaser-design/research/2026-09-14/out/08/xg60e-6_sd5_toggle_p100
