xg60_g3_toggle_p100: 2 cells, 1 cases, T=400, twin A64s_amp
/home/brandonin/Documents/phaser-design/research/2026-09-14/08-design.py:206: UserWarning: Converting a tensor with requires_grad=True to a scalar may lead to unexpected behavior.
Consider using tensor.detach() first. (Triggered internally at /__w/pytorch/pytorch/torch/csrc/autograd/generated/python_variable_methods.cpp:820.)
  hist.append(dict(it=it, loss=L.item(), task=lt, bg=lb, acc=acc, G0=float(1 + torch.exp(self.logG))))
it 0 loss 5.6372e+01 task 5.637e+01 bg 0.000e+00 acc 0.500 G0 2.990 [2s]
it 10 loss 1.8000e-01 task 1.800e-01 bg 0.000e+00 acc 0.500 G0 2.917 [25s]
it 20 loss 1.8000e-01 task 1.800e-01 bg 0.000e+00 acc 0.500 G0 2.891 [49s]
it 30 loss 1.8000e-01 task 1.800e-01 bg 0.000e+00 acc 0.500 G0 2.880 [73s]
it 40 loss 1.8000e-01 task 1.800e-01 bg 0.000e+00 acc 0.500 G0 2.877 [97s]
it 50 loss 1.8000e-01 task 1.800e-01 bg 0.000e+00 acc 0.500 G0 2.875 [122s]
it 60 loss 1.8000e-01 task 1.800e-01 bg 0.000e+00 acc 0.500 G0 2.874 [146s]
it 70 loss 1.8000e-01 task 1.800e-01 bg 0.000e+00 acc 0.500 G0 2.874 [170s]
it 80 loss 1.8000e-01 task 1.800e-01 bg 0.000e+00 acc 0.500 G0 2.874 [192s]
it 90 loss 1.8000e-01 task 1.800e-01 bg 0.000e+00 acc 0.500 G0 2.874 [215s]
it 100 loss 1.8000e-01 task 1.800e-01 bg 0.000e+00 acc 0.500 G0 2.874 [237s]
it 110 loss 1.8000e-01 task 1.800e-01 bg 0.000e+00 acc 0.500 G0 2.874 [261s]
it 120 loss 1.8000e-01 task 1.800e-01 bg 0.000e+00 acc 0.500 G0 2.874 [286s]
it 130 loss 1.8000e-01 task 1.800e-01 bg 0.000e+00 acc 0.500 G0 2.874 [311s]
it 140 loss 1.8000e-01 task 1.800e-01 bg 0.000e+00 acc 0.500 G0 2.874 [335s]
it 150 loss 1.8000e-01 task 1.800e-01 bg 0.000e+00 acc 0.500 G0 2.874 [360s]
it 160 loss 1.8000e-01 task 1.800e-01 bg 0.000e+00 acc 0.500 G0 2.874 [384s]
it 170 loss 1.8000e-01 task 1.800e-01 bg 0.000e+00 acc 0.500 G0 2.874 [409s]
it 180 loss 1.8000e-01 task 1.800e-01 bg 0.000e+00 acc 0.500 G0 2.874 [434s]
it 190 loss 1.8000e-01 task 1.800e-01 bg 0.000e+00 acc 0.500 G0 2.874 [458s]
it 200 loss 1.8000e-01 task 1.800e-01 bg 0.000e+00 acc 0.500 G0 2.874 [483s]
it 210 loss 1.8000e-01 task 1.800e-01 bg 0.000e+00 acc 0.500 G0 2.874 [508s]
it 220 loss 1.8000e-01 task 1.800e-01 bg 0.000e+00 acc 0.500 G0 2.874 [532s]
it 230 loss 1.8000e-01 task 1.800e-01 bg 0.000e+00 acc 0.500 G0 2.874 [557s]
it 240 loss 1.8000e-01 task 1.800e-01 bg 0.000e+00 acc 0.500 G0 2.874 [581s]
it 249 loss 1.8000e-01 task 1.800e-01 bg 0.000e+00 acc 0.500 G0 2.874 [604s]
saved /home/brandonin/Documents/phaser-design/research/2026-09-14/out/08/xg60_g3_toggle_p100
