xg60e-6_ring4_p100: 4 cells, 1 cases, T=500, twin A64s_amp
/home/brandonin/Documents/phaser-design/research/2026-09-14/08-design.py:206: UserWarning: Converting a tensor with requires_grad=True to a scalar may lead to unexpected behavior.
Consider using tensor.detach() first. (Triggered internally at /__w/pytorch/pytorch/torch/csrc/autograd/generated/python_variable_methods.cpp:820.)
  hist.append(dict(it=it, loss=L.item(), task=lt, bg=lb, acc=acc, G0=float(1 + torch.exp(self.logG))))
it 0 loss 2.1491e+01 task 2.149e+01 bg 0.000e+00 acc 0.700 G0 2.791 [3s]
it 10 loss 9.0000e-02 task 9.000e-02 bg 0.000e+00 acc 0.750 G0 2.731 [30s]
it 20 loss 9.0000e-02 task 9.000e-02 bg 0.000e+00 acc 0.750 G0 2.711 [59s]
it 30 loss 9.0000e-02 task 9.000e-02 bg 0.000e+00 acc 0.750 G0 2.703 [88s]
it 40 loss 9.0000e-02 task 9.000e-02 bg 0.000e+00 acc 0.750 G0 2.700 [117s]
it 50 loss 9.0000e-02 task 9.000e-02 bg 0.000e+00 acc 0.750 G0 2.699 [146s]
it 60 loss 9.0000e-02 task 9.000e-02 bg 0.000e+00 acc 0.750 G0 2.699 [175s]
it 70 loss 9.0000e-02 task 9.000e-02 bg 0.000e+00 acc 0.750 G0 2.698 [204s]
it 80 loss 9.0000e-02 task 9.000e-02 bg 0.000e+00 acc 0.750 G0 2.698 [233s]
it 90 loss 9.0000e-02 task 9.000e-02 bg 0.000e+00 acc 0.750 G0 2.698 [263s]
it 100 loss 9.0000e-02 task 9.000e-02 bg 0.000e+00 acc 0.750 G0 2.698 [292s]
it 110 loss 9.0000e-02 task 9.000e-02 bg 0.000e+00 acc 0.750 G0 2.698 [321s]
it 120 loss 9.0000e-02 task 9.000e-02 bg 0.000e+00 acc 0.750 G0 2.698 [350s]
it 130 loss 9.0000e-02 task 9.000e-02 bg 0.000e+00 acc 0.750 G0 2.698 [380s]
it 140 loss 9.0000e-02 task 9.000e-02 bg 0.000e+00 acc 0.750 G0 2.698 [409s]
it 150 loss 9.0000e-02 task 9.000e-02 bg 0.000e+00 acc 0.750 G0 2.698 [438s]
it 160 loss 9.0000e-02 task 9.000e-02 bg 0.000e+00 acc 0.750 G0 2.698 [468s]
it 170 loss 9.0000e-02 task 9.000e-02 bg 0.000e+00 acc 0.750 G0 2.698 [497s]
it 180 loss 9.0000e-02 task 9.000e-02 bg 0.000e+00 acc 0.750 G0 2.698 [526s]
it 190 loss 9.0000e-02 task 9.000e-02 bg 0.000e+00 acc 0.750 G0 2.698 [555s]
it 200 loss 9.0000e-02 task 9.000e-02 bg 0.000e+00 acc 0.750 G0 2.698 [584s]
it 210 loss 9.0000e-02 task 9.000e-02 bg 0.000e+00 acc 0.750 G0 2.698 [613s]
it 220 loss 9.0000e-02 task 9.000e-02 bg 0.000e+00 acc 0.750 G0 2.698 [642s]
it 230 loss 9.0000e-02 task 9.000e-02 bg 0.000e+00 acc 0.750 G0 2.698 [671s]
it 240 loss 9.0000e-02 task 9.000e-02 bg 0.000e+00 acc 0.750 G0 2.698 [701s]
it 249 loss 9.0000e-02 task 9.000e-02 bg 0.000e+00 acc 0.750 G0 2.698 [727s]
saved /home/brandonin/Documents/phaser-design/research/2026-09-14/out/08/xg60e-6_ring4_p100
