xg80e-6_gate_NOT_T600: 3 cells, 2 cases, T=600, twin A64s_amp
/home/brandonin/Documents/phaser-design/research/2026-09-14/08-design.py:206: UserWarning: Converting a tensor with requires_grad=True to a scalar may lead to unexpected behavior.
Consider using tensor.detach() first. (Triggered internally at /__w/pytorch/pytorch/torch/csrc/autograd/generated/python_variable_methods.cpp:820.)
  hist.append(dict(it=it, loss=L.item(), task=lt, bg=lb, acc=acc, G0=float(1 + torch.exp(self.logG))))
it 0 loss 2.7951e-01 task 8.888e-02 bg 0.000e+00 acc 0.750 G0 2.809 [5s]
it 10 loss 1.1641e-01 task 8.553e-02 bg 0.000e+00 acc 0.750 G0 2.897 [53s]
it 20 loss 1.4581e-01 task 8.390e-02 bg 0.000e+00 acc 0.750 G0 2.900 [101s]
it 30 loss 2.1969e-01 task 8.651e-02 bg 0.000e+00 acc 0.750 G0 2.886 [150s]
it 40 loss 1.6027e-01 task 8.745e-02 bg 0.000e+00 acc 0.750 G0 2.881 [199s]
it 50 loss 1.8009e-01 task 1.770e-01 bg 0.000e+00 acc 0.500 G0 2.879 [248s]
it 60 loss 1.7896e-01 task 1.763e-01 bg 0.000e+00 acc 0.500 G0 2.879 [299s]
it 70 loss 1.7547e-01 task 1.746e-01 bg 0.000e+00 acc 0.500 G0 2.880 [347s]
it 80 loss 1.7282e-01 task 1.728e-01 bg 0.000e+00 acc 0.500 G0 2.882 [396s]
it 90 loss 1.7079e-01 task 1.706e-01 bg 0.000e+00 acc 0.500 G0 2.885 [445s]
it 100 loss 1.6665e-01 task 1.666e-01 bg 0.000e+00 acc 0.500 G0 2.890 [494s]
it 110 loss 1.4977e-01 task 1.478e-01 bg 2.831e+00 acc 0.500 G0 2.901 [543s]
it 120 loss 1.2179e-01 task 1.203e-01 bg 0.000e+00 acc 0.500 G0 2.921 [591s]
it 130 loss 1.2075e-01 task 1.200e-01 bg 0.000e+00 acc 0.500 G0 2.927 [640s]
it 140 loss 1.1968e-01 task 1.196e-01 bg 0.000e+00 acc 0.500 G0 2.929 [693s]
it 150 loss 1.1905e-01 task 1.190e-01 bg 0.000e+00 acc 0.500 G0 2.931 [742s]
it 160 loss 1.1826e-01 task 1.182e-01 bg 0.000e+00 acc 0.500 G0 2.934 [794s]
it 170 loss 1.1733e-01 task 1.173e-01 bg 0.000e+00 acc 0.500 G0 2.937 [846s]
it 180 loss 1.1593e-01 task 1.159e-01 bg 0.000e+00 acc 0.500 G0 2.940 [895s]
it 190 loss 1.1328e-01 task 1.132e-01 bg 0.000e+00 acc 0.500 G0 2.946 [943s]
it 200 loss 1.1250e-01 task 1.109e-01 bg 0.000e+00 acc 0.500 G0 2.955 [993s]
it 210 loss 9.8369e-02 task 9.819e-02 bg 4.633e-02 acc 0.500 G0 2.974 [1042s]
it 220 loss 4.5013e-01 task 1.768e-01 bg 0.000e+00 acc 0.500 G0 2.895 [1090s]
it 230 loss 1.8000e-01 task 1.800e-01 bg 0.000e+00 acc 0.500 G0 2.862 [1140s]
it 240 loss 1.8000e-01 task 1.800e-01 bg 0.000e+00 acc 0.500 G0 2.850 [1188s]
it 249 loss 1.8000e-01 task 1.800e-01 bg 0.000e+00 acc 0.500 G0 2.846 [1232s]
saved /home/brandonin/Documents/phaser-design/research/2026-09-14/out/08/xg80e-6_gate_NOT_T600
