npm notice run phaser-design@0.1.0 npx
npm notice run 'vite-node' 22-b4f-amp.ts 3,4 2,3,4 2.2,2.6,3,3.5 -0.6:0.05,-0.9:0.3 3000 absorbers
B4f amp n 64 cell 3 gap 2 (16 cells, 9.92/mm²) G0 2.2 s -0.6 Ia 0.05: BER@3000 0.000/0.000/0.000 onMean 0.50/0.51/0.55 offMax 0.003/0.002/0.002 λL -9.0e-4/3.9e-5/7.7e-4 [12s]
B4f amp n 64 cell 3 gap 2 (16 cells, 9.92/mm²) G0 2.2 s -0.9 Ia 0.3: BER@3000 0.563/0.500/0.625 onMean 0.00/0.00/0.00 offMax 0.000/0.000/0.000 λL NaN/NaN/NaN [9s]
B4f amp n 64 cell 3 gap 2 (16 cells, 9.92/mm²) G0 2.6 s -0.6 Ia 0.05: BER@3000 0.313/0.375/0.188 onMean 1.15/1.16/1.19 offMax 1.495/1.565/1.519 λL NaN/NaN/NaN [9s]
B4f amp n 64 cell 3 gap 2 (16 cells, 9.92/mm²) G0 2.6 s -0.9 Ia 0.3: BER@3000 0.563/0.500/0.625 onMean 0.00/0.00/0.00 offMax 0.000/0.000/0.000 λL NaN/NaN/NaN [9s]
B4f amp n 64 cell 3 gap 2 (16 cells, 9.92/mm²) G0 3 s -0.6 Ia 0.05: BER@3000 0.438/0.500/0.375 onMean 1.74/1.74/1.84 offMax 2.269/2.193/2.255 λL NaN/NaN/NaN [10s]
B4f amp n 64 cell 3 gap 2 (16 cells, 9.92/mm²) G0 3 s -0.9 Ia 0.3: BER@3000 0.563/0.500/0.625 onMean 0.00/0.00/0.00 offMax 0.000/0.000/0.000 λL NaN/NaN/NaN [9s]
B4f amp n 64 cell 3 gap 2 (16 cells, 9.92/mm²) G0 3.5 s -0.6 Ia 0.05: BER@3000 0.438/0.500/0.375 onMean 2.53/2.52/2.63 offMax 3.132/3.183/3.263 λL NaN/NaN/NaN [9s]
B4f amp n 64 cell 3 gap 2 (16 cells, 9.92/mm²) G0 3.5 s -0.9 Ia 0.3: BER@3000 0.000/0.000/0.000 onMean 1.59/1.62/1.76 offMax 0.004/0.002/0.004 λL 2.4e-4/-8.6e-4/-4.1e-6 [12s]
B4f amp n 64 cell 3 gap 3 (16 cells, 6.89/mm²) G0 2.2 s -0.6 Ia 0.05: BER@3000 0.313/0.188/0.188 onMean 0.30/0.32/0.39 offMax 0.001/0.001/0.001 λL NaN/NaN/NaN [10s]
B4f amp n 64 cell 3 gap 3 (16 cells, 6.89/mm²) G0 2.2 s -0.9 Ia 0.3: BER@3000 0.563/0.500/0.625 onMean 0.00/0.00/0.00 offMax 0.000/0.000/0.000 λL NaN/NaN/NaN [9s]
B4f amp n 64 cell 3 gap 3 (16 cells, 6.89/mm²) G0 2.6 s -0.6 Ia 0.05: BER@3000 0.188/0.250/0.125 onMean 0.86/0.85/1.03 offMax 1.529/1.510/1.532 λL NaN/NaN/NaN [9s]
B4f amp n 64 cell 3 gap 3 (16 cells, 6.89/mm²) G0 2.6 s -0.9 Ia 0.3: BER@3000 0.563/0.500/0.625 onMean 0.00/0.00/0.00 offMax 0.000/0.000/0.000 λL NaN/NaN/NaN [9s]
B4f amp n 64 cell 3 gap 3 (16 cells, 6.89/mm²) G0 3 s -0.6 Ia 0.05: BER@3000 0.313/0.438/0.188 onMean 1.40/1.41/1.64 offMax 2.187/2.249/2.189 λL NaN/NaN/NaN [9s]
B4f amp n 64 cell 3 gap 3 (16 cells, 6.89/mm²) G0 3 s -0.9 Ia 0.3: BER@3000 0.563/0.500/0.625 onMean 0.00/0.00/0.00 offMax 0.000/0.000/0.000 λL NaN/NaN/NaN [9s]
B4f amp n 64 cell 3 gap 3 (16 cells, 6.89/mm²) G0 3.5 s -0.6 Ia 0.05: BER@3000 0.375/0.438/0.250 onMean 2.15/2.19/2.37 offMax 3.106/3.133/3.016 λL NaN/NaN/NaN [9s]
B4f amp n 64 cell 3 gap 3 (16 cells, 6.89/mm²) G0 3.5 s -0.9 Ia 0.3: BER@3000 0.125/0.125/0.063 onMean 1.13/1.16/1.40 offMax 0.002/0.002/0.002 λL NaN/NaN/NaN [9s]
B4f amp n 64 cell 3 gap 4 (9 cells, 5.06/mm²) G0 2.2 s -0.6 Ia 0.05: BER@3000 0.000/0.000/0.000 onMean 0.45/0.43/0.44 offMax 0.000/0.000/0.000 λL 3.0e-4/-5.1e-4/8.2e-4 [12s]
B4f amp n 64 cell 3 gap 4 (9 cells, 5.06/mm²) G0 2.2 s -0.9 Ia 0.3: BER@3000 0.333/0.444/0.778 onMean 0.00/0.00/0.00 offMax 0.000/0.000/0.000 λL NaN/NaN/NaN [9s]
B4f amp n 64 cell 3 gap 4 (9 cells, 5.06/mm²) G0 2.6 s -0.6 Ia 0.05: BER@3000 0.000/0.000/0.000 onMean 1.06/1.03/1.04 offMax 0.001/0.001/0.001 λL 2.1e-4/-1.1e-3/9.4e-5 [12s]
B4f amp n 64 cell 3 gap 4 (9 cells, 5.06/mm²) G0 2.6 s -0.9 Ia 0.3: BER@3000 0.333/0.444/0.778 onMean 0.00/0.00/0.00 offMax 0.000/0.000/0.000 λL NaN/NaN/NaN [9s]
B4f amp n 64 cell 3 gap 4 (9 cells, 5.06/mm²) G0 3 s -0.6 Ia 0.05: BER@3000 0.111/0.222/0.111 onMean 1.62/1.60/1.60 offMax 2.269/2.252/2.236 λL NaN/NaN/NaN [9s]
B4f amp n 64 cell 3 gap 4 (9 cells, 5.06/mm²) G0 3 s -0.9 Ia 0.3: BER@3000 0.333/0.444/0.778 onMean 0.00/0.00/0.00 offMax 0.000/0.000/0.000 λL NaN/NaN/NaN [9s]
B4f amp n 64 cell 3 gap 4 (9 cells, 5.06/mm²) G0 3.5 s -0.6 Ia 0.05: BER@3000 0.667/0.444/0.222 onMean 2.32/2.30/2.32 offMax 3.124/3.154/3.141 λL NaN/NaN/NaN [9s]
B4f amp n 64 cell 3 gap 4 (9 cells, 5.06/mm²) G0 3.5 s -0.9 Ia 0.3: BER@3000 0.000/0.000/0.000 onMean 1.54/1.43/1.48 offMax 0.000/0.000/0.001 λL -3.6e-4/-3.5e-4/9.5e-5 [12s]
B4f amp n 64 cell 4 gap 2 (16 cells, 6.89/mm²) G0 2.2 s -0.6 Ia 0.05: BER@3000 0.125/0.125/0.063 onMean 0.41/0.40/0.50 offMax 0.001/0.001/0.001 λL NaN/NaN/NaN [9s]
B4f amp n 64 cell 4 gap 2 (16 cells, 6.89/mm²) G0 2.2 s -0.9 Ia 0.3: BER@3000 0.563/0.500/0.625 onMean 0.00/0.00/0.00 offMax 0.000/0.000/0.000 λL NaN/NaN/NaN [9s]
B4f amp n 64 cell 4 gap 2 (16 cells, 6.89/mm²) G0 2.6 s -0.6 Ia 0.05: BER@3000 0.313/0.375/0.188 onMean 1.03/1.03/1.11 offMax 1.511/1.545/1.516 λL NaN/NaN/NaN [9s]
B4f amp n 64 cell 4 gap 2 (16 cells, 6.89/mm²) G0 2.6 s -0.9 Ia 0.3: BER@3000 0.563/0.500/0.625 onMean 0.00/0.00/0.00 offMax 0.000/0.000/0.000 λL NaN/NaN/NaN [9s]
B4f amp n 64 cell 4 gap 2 (16 cells, 6.89/mm²) G0 3 s -0.6 Ia 0.05: BER@3000 0.438/0.500/0.375 onMean 1.67/1.64/1.76 offMax 2.206/2.207/2.188 λL NaN/NaN/NaN [9s]
B4f amp n 64 cell 4 gap 2 (16 cells, 6.89/mm²) G0 3 s -0.9 Ia 0.3: BER@3000 0.563/0.500/0.625 onMean 0.00/0.00/0.00 offMax 0.000/0.000/0.000 λL NaN/NaN/NaN [9s]
B4f amp n 64 cell 4 gap 2 (16 cells, 6.89/mm²) G0 3.5 s -0.6 Ia 0.05: BER@3000 0.438/0.500/0.375 onMean 2.40/2.40/2.51 offMax 3.166/3.125/3.028 λL NaN/NaN/NaN [9s]
B4f amp n 64 cell 4 gap 2 (16 cells, 6.89/mm²) G0 3.5 s -0.9 Ia 0.3: BER@3000 0.000/0.000/0.000 onMean 1.43/1.40/1.58 offMax 0.005/0.003/0.003 λL 7.8e-4/7.4e-5/5.9e-4 [11s]
B4f amp n 64 cell 4 gap 3 (9 cells, 5.06/mm²) G0 2.2 s -0.6 Ia 0.05: BER@3000 0.000/0.000/0.000 onMean 0.56/0.52/0.53 offMax 0.001/0.000/0.001 λL 7.2e-4/-9.7e-4/7.2e-4 [11s]
B4f amp n 64 cell 4 gap 3 (9 cells, 5.06/mm²) G0 2.2 s -0.9 Ia 0.3: BER@3000 0.333/0.444/0.778 onMean 0.00/0.00/0.00 offMax 0.000/0.000/0.000 λL NaN/NaN/NaN [9s]
B4f amp n 64 cell 4 gap 3 (9 cells, 5.06/mm²) G0 2.6 s -0.6 Ia 0.05: BER@3000 0.222/0.333/0.111 onMean 1.24/1.20/1.21 offMax 1.580/1.598/1.596 λL NaN/NaN/NaN [9s]
B4f amp n 64 cell 4 gap 3 (9 cells, 5.06/mm²) G0 2.6 s -0.9 Ia 0.3: BER@3000 0.333/0.444/0.778 onMean 0.00/0.00/0.00 offMax 0.000/0.000/0.000 λL NaN/NaN/NaN [9s]
B4f amp n 64 cell 4 gap 3 (9 cells, 5.06/mm²) G0 3 s -0.6 Ia 0.05: BER@3000 0.667/0.556/0.222 onMean 1.86/1.81/1.84 offMax 2.324/2.320/2.340 λL NaN/NaN/NaN [9s]
B4f amp n 64 cell 4 gap 3 (9 cells, 5.06/mm²) G0 3 s -0.9 Ia 0.3: BER@3000 0.333/0.444/0.778 onMean 0.00/0.00/0.00 offMax 0.000/0.000/0.000 λL NaN/NaN/NaN [9s]
B4f amp n 64 cell 4 gap 3 (9 cells, 5.06/mm²) G0 3.5 s -0.6 Ia 0.05: BER@3000 0.667/0.556/0.222 onMean 2.63/2.55/2.60 offMax 3.255/3.210/3.284 λL NaN/NaN/NaN [9s]
B4f amp n 64 cell 4 gap 3 (9 cells, 5.06/mm²) G0 3.5 s -0.9 Ia 0.3: BER@3000 0.000/0.000/0.000 onMean 1.84/1.77/1.82 offMax 0.001/0.001/0.001 λL -1.5e-3/-4.2e-4/1.8e-4 [12s]
B4f amp n 64 cell 4 gap 4 (9 cells, 3.88/mm²) G0 2.2 s -0.6 Ia 0.05: BER@3000 0.000/0.000/0.000 onMean 0.43/0.39/0.41 offMax 0.000/0.000/0.000 λL 6.3e-4/1.5e-3/9.8e-4 [11s]
B4f amp n 64 cell 4 gap 4 (9 cells, 3.88/mm²) G0 2.2 s -0.9 Ia 0.3: BER@3000 0.333/0.444/0.778 onMean 0.00/0.00/0.00 offMax 0.000/0.000/0.000 λL NaN/NaN/NaN [9s]
B4f amp n 64 cell 4 gap 4 (9 cells, 3.88/mm²) G0 2.6 s -0.6 Ia 0.05: BER@3000 0.111/0.111/0.111 onMean 1.08/1.01/1.04 offMax 1.593/1.588/1.627 λL NaN/NaN/NaN [9s]
B4f amp n 64 cell 4 gap 4 (9 cells, 3.88/mm²) G0 2.6 s -0.9 Ia 0.3: BER@3000 0.333/0.444/0.778 onMean 0.00/0.00/0.00 offMax 0.000/0.000/0.000 λL NaN/NaN/NaN [9s]
B4f amp n 64 cell 4 gap 4 (9 cells, 3.88/mm²) G0 3 s -0.6 Ia 0.05: BER@3000 0.333/0.333/0.111 onMean 1.66/1.56/1.61 offMax 2.336/2.331/2.328 λL NaN/NaN/NaN [9s]
B4f amp n 64 cell 4 gap 4 (9 cells, 3.88/mm²) G0 3 s -0.9 Ia 0.3: BER@3000 0.333/0.444/0.778 onMean 0.00/0.00/0.00 offMax 0.000/0.000/0.000 λL NaN/NaN/NaN [9s]
B4f amp n 64 cell 4 gap 4 (9 cells, 3.88/mm²) G0 3.5 s -0.6 Ia 0.05: BER@3000 0.667/0.556/0.222 onMean 2.36/2.25/2.31 offMax 3.166/3.182/3.183 λL NaN/NaN/NaN [9s]
B4f amp n 64 cell 4 gap 4 (9 cells, 3.88/mm²) G0 3.5 s -0.9 Ia 0.3: BER@3000 0.000/0.000/0.000 onMean 1.46/1.29/1.37 offMax 0.001/0.001/0.001 λL 6.4e-4/-1.0e-3/2.3e-4 [11s]
