npm notice run phaser-design@0.1.0 npx
npm notice run 'vite-node' 22-b4f-amp.ts 1,2,3,4 1,2,3,4 1.8,2.2,2.6,3,3.5,4 -0.8:0.2 3000 sweep
B4f amp n 64 cell 1 gap 1 (121 cells, 62/mm²) G0 1.8 s -0.8 Ia 0.2: BER@3000 0.512/0.471/0.413 onMean 0.00/0.00/0.00 offMax 0.000/0.000/0.000 λL NaN/NaN/NaN [10s]
B4f amp n 64 cell 1 gap 1 (121 cells, 62/mm²) G0 2.2 s -0.8 Ia 0.2: BER@3000 0.512/0.471/0.413 onMean 0.00/0.00/0.00 offMax 0.000/0.000/0.000 λL NaN/NaN/NaN [9s]
B4f amp n 64 cell 1 gap 1 (121 cells, 62/mm²) G0 2.6 s -0.8 Ia 0.2: BER@3000 0.512/0.471/0.413 onMean 0.00/0.00/0.00 offMax 0.000/0.000/0.000 λL NaN/NaN/NaN [9s]
B4f amp n 64 cell 1 gap 1 (121 cells, 62/mm²) G0 3 s -0.8 Ia 0.2: BER@3000 0.488/0.463/0.397 onMean 0.08/0.08/0.08 offMax 2.003/1.909/0.424 λL NaN/NaN/NaN [9s]
B4f amp n 64 cell 1 gap 1 (121 cells, 62/mm²) G0 3.5 s -0.8 Ia 0.2: BER@3000 0.521/0.488/0.430 onMean 0.34/0.33/0.29 offMax 3.288/3.229/3.328 λL NaN/NaN/NaN [9s]
B4f amp n 64 cell 1 gap 1 (121 cells, 62/mm²) G0 4 s -0.8 Ia 0.2: BER@3000 0.554/0.521/0.471 onMean 0.66/0.73/0.72 offMax 4.507/4.489/4.454 λL NaN/NaN/NaN [9s]
B4f amp n 64 cell 1 gap 2 (64 cells, 27.56/mm²) G0 1.8 s -0.8 Ia 0.2: BER@3000 0.531/0.453/0.438 onMean 0.00/0.00/0.00 offMax 0.000/0.000/0.000 λL NaN/NaN/NaN [9s]
B4f amp n 64 cell 1 gap 2 (64 cells, 27.56/mm²) G0 2.2 s -0.8 Ia 0.2: BER@3000 0.531/0.453/0.438 onMean 0.00/0.00/0.00 offMax 0.000/0.000/0.000 λL NaN/NaN/NaN [9s]
B4f amp n 64 cell 1 gap 2 (64 cells, 27.56/mm²) G0 2.6 s -0.8 Ia 0.2: BER@3000 0.531/0.453/0.438 onMean 0.00/0.00/0.00 offMax 0.000/0.000/0.000 λL NaN/NaN/NaN [9s]
B4f amp n 64 cell 1 gap 2 (64 cells, 27.56/mm²) G0 3 s -0.8 Ia 0.2: BER@3000 0.500/0.438/0.406 onMean 0.07/0.04/0.09 offMax 0.002/0.001/0.002 λL NaN/NaN/NaN [9s]
B4f amp n 64 cell 1 gap 2 (64 cells, 27.56/mm²) G0 3.5 s -0.8 Ia 0.2: BER@3000 0.484/0.391/0.406 onMean 0.17/0.21/0.15 offMax 2.271/2.281/0.005 λL NaN/NaN/NaN [9s]
B4f amp n 64 cell 1 gap 2 (64 cells, 27.56/mm²) G0 4 s -0.8 Ia 0.2: BER@3000 0.500/0.406/0.406 onMean 0.27/0.36/0.32 offMax 3.096/3.123/3.101 λL NaN/NaN/NaN [9s]
B4f amp n 64 cell 1 gap 3 (36 cells, 15.5/mm²) G0 1.8 s -0.8 Ia 0.2: BER@3000 0.556/0.583/0.556 onMean 0.00/0.00/0.00 offMax 0.000/0.000/0.000 λL NaN/NaN/NaN [9s]
B4f amp n 64 cell 1 gap 3 (36 cells, 15.5/mm²) G0 2.2 s -0.8 Ia 0.2: BER@3000 0.556/0.583/0.556 onMean 0.00/0.00/0.00 offMax 0.000/0.000/0.000 λL NaN/NaN/NaN [9s]
B4f amp n 64 cell 1 gap 3 (36 cells, 15.5/mm²) G0 2.6 s -0.8 Ia 0.2: BER@3000 0.556/0.583/0.556 onMean 0.00/0.00/0.00 offMax 0.000/0.000/0.000 λL NaN/NaN/NaN [9s]
B4f amp n 64 cell 1 gap 3 (36 cells, 15.5/mm²) G0 3 s -0.8 Ia 0.2: BER@3000 0.472/0.556/0.556 onMean 0.15/0.04/0.00 offMax 0.000/0.001/0.000 λL NaN/NaN/NaN [9s]
B4f amp n 64 cell 1 gap 3 (36 cells, 15.5/mm²) G0 3.5 s -0.8 Ia 0.2: BER@3000 0.444/0.528/0.556 onMean 0.35/0.15/0.00 offMax 0.000/0.002/0.000 λL NaN/NaN/NaN [9s]
B4f amp n 64 cell 1 gap 3 (36 cells, 15.5/mm²) G0 4 s -0.8 Ia 0.2: BER@3000 0.444/0.528/0.500 onMean 0.49/0.22/0.07 offMax 0.001/0.004/0.002 λL NaN/NaN/NaN [9s]
B4f amp n 64 cell 1 gap 4 (25 cells, 9.92/mm²) G0 1.8 s -0.8 Ia 0.2: BER@3000 0.640/0.560/0.520 onMean 0.00/0.00/0.00 offMax 0.000/0.000/0.000 λL NaN/NaN/NaN [9s]
B4f amp n 64 cell 1 gap 4 (25 cells, 9.92/mm²) G0 2.2 s -0.8 Ia 0.2: BER@3000 0.640/0.560/0.520 onMean 0.00/0.00/0.00 offMax 0.000/0.000/0.000 λL NaN/NaN/NaN [9s]
B4f amp n 64 cell 1 gap 4 (25 cells, 9.92/mm²) G0 2.6 s -0.8 Ia 0.2: BER@3000 0.640/0.560/0.520 onMean 0.00/0.00/0.00 offMax 0.000/0.000/0.000 λL NaN/NaN/NaN [9s]
B4f amp n 64 cell 1 gap 4 (25 cells, 9.92/mm²) G0 3 s -0.8 Ia 0.2: BER@3000 0.600/0.520/0.520 onMean 0.09/0.10/0.00 offMax 0.000/0.000/0.000 λL NaN/NaN/NaN [9s]
B4f amp n 64 cell 1 gap 4 (25 cells, 9.92/mm²) G0 3.5 s -0.8 Ia 0.2: BER@3000 0.560/0.440/0.440 onMean 0.20/0.29/0.12 offMax 0.000/0.000/0.000 λL NaN/NaN/NaN [9s]
B4f amp n 64 cell 1 gap 4 (25 cells, 9.92/mm²) G0 4 s -0.8 Ia 0.2: BER@3000 0.480/0.400/0.400 onMean 0.41/0.51/0.29 offMax 0.000/0.001/0.001 λL NaN/NaN/NaN [9s]
B4f amp n 64 cell 2 gap 1 (49 cells, 27.56/mm²) G0 1.8 s -0.8 Ia 0.2: BER@3000 0.592/0.510/0.510 onMean 0.00/0.00/0.00 offMax 0.000/0.000/0.000 λL NaN/NaN/NaN [9s]
B4f amp n 64 cell 2 gap 1 (49 cells, 27.56/mm²) G0 2.2 s -0.8 Ia 0.2: BER@3000 0.592/0.510/0.510 onMean 0.00/0.00/0.00 offMax 0.000/0.000/0.000 λL NaN/NaN/NaN [9s]
B4f amp n 64 cell 2 gap 1 (49 cells, 27.56/mm²) G0 2.6 s -0.8 Ia 0.2: BER@3000 0.592/0.510/0.510 onMean 0.00/0.00/0.00 offMax 0.000/0.000/0.000 λL NaN/NaN/NaN [9s]
B4f amp n 64 cell 2 gap 1 (49 cells, 27.56/mm²) G0 3 s -0.8 Ia 0.2: BER@3000 0.347/0.265/0.388 onMean 0.85/0.94/0.61 offMax 2.021/1.915/2.100 λL NaN/NaN/NaN [9s]
B4f amp n 64 cell 2 gap 1 (49 cells, 27.56/mm²) G0 3.5 s -0.8 Ia 0.2: BER@3000 0.367/0.449/0.592 onMean 1.56/1.71/1.17 offMax 2.963/3.057/3.069 λL NaN/NaN/NaN [9s]
B4f amp n 64 cell 2 gap 1 (49 cells, 27.56/mm²) G0 4 s -0.8 Ia 0.2: BER@3000 0.367/0.449/0.531 onMean 2.33/2.48/1.98 offMax 3.990/3.656/3.915 λL NaN/NaN/NaN [9s]
B4f amp n 64 cell 2 gap 2 (36 cells, 15.5/mm²) G0 1.8 s -0.8 Ia 0.2: BER@3000 0.556/0.583/0.556 onMean 0.00/0.00/0.00 offMax 0.000/0.000/0.000 λL NaN/NaN/NaN [9s]
B4f amp n 64 cell 2 gap 2 (36 cells, 15.5/mm²) G0 2.2 s -0.8 Ia 0.2: BER@3000 0.556/0.583/0.556 onMean 0.00/0.00/0.00 offMax 0.000/0.000/0.000 λL NaN/NaN/NaN [9s]
B4f amp n 64 cell 2 gap 2 (36 cells, 15.5/mm²) G0 2.6 s -0.8 Ia 0.2: BER@3000 0.556/0.583/0.556 onMean 0.00/0.00/0.00 offMax 0.000/0.000/0.000 λL NaN/NaN/NaN [9s]
B4f amp n 64 cell 2 gap 2 (36 cells, 15.5/mm²) G0 3 s -0.8 Ia 0.2: BER@3000 0.250/0.389/0.361 onMean 0.79/0.43/0.35 offMax 0.004/0.006/0.004 λL NaN/NaN/NaN [9s]
B4f amp n 64 cell 2 gap 2 (36 cells, 15.5/mm²) G0 3.5 s -0.8 Ia 0.2: BER@3000 0.278/0.500/0.417 onMean 1.29/0.77/0.71 offMax 2.261/2.611/2.554 λL NaN/NaN/NaN [9s]
B4f amp n 64 cell 2 gap 2 (36 cells, 15.5/mm²) G0 4 s -0.8 Ia 0.2: BER@3000 0.167/0.417/0.472 onMean 2.19/1.47/1.44 offMax 3.041/3.478/3.572 λL NaN/NaN/NaN [9s]
B4f amp n 64 cell 2 gap 3 (25 cells, 9.92/mm²) G0 1.8 s -0.8 Ia 0.2: BER@3000 0.640/0.560/0.520 onMean 0.00/0.00/0.00 offMax 0.000/0.000/0.000 λL NaN/NaN/NaN [9s]
B4f amp n 64 cell 2 gap 3 (25 cells, 9.92/mm²) G0 2.2 s -0.8 Ia 0.2: BER@3000 0.640/0.560/0.520 onMean 0.00/0.00/0.00 offMax 0.000/0.000/0.000 λL NaN/NaN/NaN [9s]
B4f amp n 64 cell 2 gap 3 (25 cells, 9.92/mm²) G0 2.6 s -0.8 Ia 0.2: BER@3000 0.640/0.560/0.520 onMean 0.00/0.00/0.00 offMax 0.000/0.000/0.000 λL NaN/NaN/NaN [9s]
B4f amp n 64 cell 2 gap 3 (25 cells, 9.92/mm²) G0 3 s -0.8 Ia 0.2: BER@3000 0.360/0.360/0.240 onMean 0.58/0.51/0.66 offMax 0.001/0.001/0.001 λL NaN/NaN/NaN [9s]
B4f amp n 64 cell 2 gap 3 (25 cells, 9.92/mm²) G0 3.5 s -0.8 Ia 0.2: BER@3000 0.360/0.360/0.240 onMean 0.97/0.82/1.12 offMax 0.001/0.001/0.002 λL NaN/NaN/NaN [9s]
B4f amp n 64 cell 2 gap 3 (25 cells, 9.92/mm²) G0 4 s -0.8 Ia 0.2: BER@3000 0.360/0.360/0.280 onMean 1.31/1.11/1.55 offMax 0.001/0.002/3.646 λL NaN/NaN/NaN [9s]
B4f amp n 64 cell 2 gap 4 (16 cells, 6.89/mm²) G0 1.8 s -0.8 Ia 0.2: BER@3000 0.563/0.500/0.625 onMean 0.00/0.00/0.00 offMax 0.000/0.000/0.000 λL NaN/NaN/NaN [9s]
B4f amp n 64 cell 2 gap 4 (16 cells, 6.89/mm²) G0 2.2 s -0.8 Ia 0.2: BER@3000 0.563/0.500/0.625 onMean 0.00/0.00/0.00 offMax 0.000/0.000/0.000 λL NaN/NaN/NaN [9s]
B4f amp n 64 cell 2 gap 4 (16 cells, 6.89/mm²) G0 2.6 s -0.8 Ia 0.2: BER@3000 0.563/0.500/0.625 onMean 0.00/0.00/0.00 offMax 0.000/0.000/0.000 λL NaN/NaN/NaN [9s]
B4f amp n 64 cell 2 gap 4 (16 cells, 6.89/mm²) G0 3 s -0.8 Ia 0.2: BER@3000 0.438/0.375/0.438 onMean 0.24/0.29/0.38 offMax 0.000/0.000/0.000 λL NaN/NaN/NaN [9s]
B4f amp n 64 cell 2 gap 4 (16 cells, 6.89/mm²) G0 3.5 s -0.8 Ia 0.2: BER@3000 0.438/0.375/0.438 onMean 0.49/0.55/0.67 offMax 0.000/0.000/0.000 λL NaN/NaN/NaN [9s]
B4f amp n 64 cell 2 gap 4 (16 cells, 6.89/mm²) G0 4 s -0.8 Ia 0.2: BER@3000 0.188/0.125/0.125 onMean 1.24/1.24/1.49 offMax 2.980/0.003/2.954 λL NaN/NaN/NaN [9s]
B4f amp n 64 cell 3 gap 1 (25 cells, 15.5/mm²) G0 1.8 s -0.8 Ia 0.2: BER@3000 0.640/0.560/0.520 onMean 0.00/0.00/0.00 offMax 0.000/0.000/0.000 λL NaN/NaN/NaN [9s]
B4f amp n 64 cell 3 gap 1 (25 cells, 15.5/mm²) G0 2.2 s -0.8 Ia 0.2: BER@3000 0.640/0.560/0.520 onMean 0.00/0.00/0.00 offMax 0.000/0.000/0.000 λL NaN/NaN/NaN [9s]
B4f amp n 64 cell 3 gap 1 (25 cells, 15.5/mm²) G0 2.6 s -0.8 Ia 0.2: BER@3000 0.640/0.560/0.520 onMean 0.00/0.00/0.00 offMax 0.000/0.000/0.000 λL NaN/NaN/NaN [9s]
B4f amp n 64 cell 3 gap 1 (25 cells, 15.5/mm²) G0 3 s -0.8 Ia 0.2: BER@3000 0.000/0.040/0.080 onMean 1.37/1.27/1.46 offMax 0.013/0.018/2.075 λL 2.1e-4/NaN/NaN [10s]
B4f amp n 64 cell 3 gap 1 (25 cells, 15.5/mm²) G0 3.5 s -0.8 Ia 0.2: BER@3000 0.240/0.320/0.320 onMean 2.31/2.24/2.42 offMax 2.832/2.755/3.010 λL NaN/NaN/NaN [9s]
B4f amp n 64 cell 3 gap 1 (25 cells, 15.5/mm²) G0 4 s -0.8 Ia 0.2: BER@3000 0.320/0.400/0.440 onMean 3.07/3.05/3.25 offMax 3.775/3.669/3.971 λL NaN/NaN/NaN [9s]
B4f amp n 64 cell 3 gap 2 (16 cells, 9.92/mm²) G0 1.8 s -0.8 Ia 0.2: BER@3000 0.563/0.500/0.625 onMean 0.00/0.00/0.00 offMax 0.000/0.000/0.000 λL NaN/NaN/NaN [9s]
B4f amp n 64 cell 3 gap 2 (16 cells, 9.92/mm²) G0 2.2 s -0.8 Ia 0.2: BER@3000 0.563/0.500/0.625 onMean 0.00/0.00/0.00 offMax 0.000/0.000/0.000 λL NaN/NaN/NaN [9s]
B4f amp n 64 cell 3 gap 2 (16 cells, 9.92/mm²) G0 2.6 s -0.8 Ia 0.2: BER@3000 0.563/0.500/0.625 onMean 0.00/0.00/0.00 offMax 0.000/0.000/0.000 λL NaN/NaN/NaN [9s]
B4f amp n 64 cell 3 gap 2 (16 cells, 9.92/mm²) G0 3 s -0.8 Ia 0.2: BER@3000 0.000/0.000/0.000 onMean 1.19/1.21/1.25 offMax 0.003/0.003/0.004 λL 4.2e-4/1.8e-3/4.1e-4 [11s]
B4f amp n 64 cell 3 gap 2 (16 cells, 9.92/mm²) G0 3.5 s -0.8 Ia 0.2: BER@3000 0.125/0.063/0.063 onMean 2.05/2.04/2.22 offMax 2.698/2.712/2.747 λL NaN/NaN/NaN [9s]
B4f amp n 64 cell 3 gap 2 (16 cells, 9.92/mm²) G0 4 s -0.8 Ia 0.2: BER@3000 0.313/0.375/0.188 onMean 2.90/2.89/3.07 offMax 3.773/3.692/3.571 λL NaN/NaN/NaN [9s]
B4f amp n 64 cell 3 gap 3 (16 cells, 6.89/mm²) G0 1.8 s -0.8 Ia 0.2: BER@3000 0.563/0.500/0.625 onMean 0.00/0.00/0.00 offMax 0.000/0.000/0.000 λL NaN/NaN/NaN [9s]
B4f amp n 64 cell 3 gap 3 (16 cells, 6.89/mm²) G0 2.2 s -0.8 Ia 0.2: BER@3000 0.563/0.500/0.625 onMean 0.00/0.00/0.00 offMax 0.000/0.000/0.000 λL NaN/NaN/NaN [9s]
B4f amp n 64 cell 3 gap 3 (16 cells, 6.89/mm²) G0 2.6 s -0.8 Ia 0.2: BER@3000 0.563/0.500/0.625 onMean 0.00/0.00/0.00 offMax 0.000/0.000/0.000 λL NaN/NaN/NaN [9s]
B4f amp n 64 cell 3 gap 3 (16 cells, 6.89/mm²) G0 3 s -0.8 Ia 0.2: BER@3000 0.125/0.125/0.063 onMean 0.83/0.85/1.02 offMax 0.002/0.002/0.002 λL NaN/NaN/NaN [9s]
B4f amp n 64 cell 3 gap 3 (16 cells, 6.89/mm²) G0 3.5 s -0.8 Ia 0.2: BER@3000 0.125/0.125/0.063 onMean 1.56/1.53/1.86 offMax 0.006/0.005/0.007 λL NaN/NaN/NaN [9s]
B4f amp n 64 cell 3 gap 3 (16 cells, 6.89/mm²) G0 4 s -0.8 Ia 0.2: BER@3000 0.125/0.188/0.063 onMean 2.34/2.32/2.72 offMax 3.609/3.656/3.576 λL NaN/NaN/NaN [9s]
B4f amp n 64 cell 3 gap 4 (9 cells, 5.06/mm²) G0 1.8 s -0.8 Ia 0.2: BER@3000 0.333/0.444/0.778 onMean 0.00/0.00/0.00 offMax 0.000/0.000/0.000 λL NaN/NaN/NaN [9s]
B4f amp n 64 cell 3 gap 4 (9 cells, 5.06/mm²) G0 2.2 s -0.8 Ia 0.2: BER@3000 0.333/0.444/0.778 onMean 0.00/0.00/0.00 offMax 0.000/0.000/0.000 λL NaN/NaN/NaN [9s]
B4f amp n 64 cell 3 gap 4 (9 cells, 5.06/mm²) G0 2.6 s -0.8 Ia 0.2: BER@3000 0.333/0.444/0.778 onMean 0.00/0.00/0.00 offMax 0.000/0.000/0.000 λL NaN/NaN/NaN [9s]
B4f amp n 64 cell 3 gap 4 (9 cells, 5.06/mm²) G0 3 s -0.8 Ia 0.2: BER@3000 0.000/0.000/0.000 onMean 1.13/1.05/1.08 offMax 0.000/0.000/0.001 λL -7.4e-4/7.5e-5/4.2e-5 [11s]
B4f amp n 64 cell 3 gap 4 (9 cells, 5.06/mm²) G0 3.5 s -0.8 Ia 0.2: BER@3000 0.000/0.000/0.000 onMean 1.93/1.88/1.90 offMax 0.001/0.000/0.001 λL 1.4e-4/7.0e-4/1.1e-4 [11s]
B4f amp n 64 cell 3 gap 4 (9 cells, 5.06/mm²) G0 4 s -0.8 Ia 0.2: BER@3000 0.000/0.000/0.000 onMean 2.68/2.63/2.65 offMax 0.001/0.001/0.003 λL -2.4e-7/-2.7e-4/-2.3e-4 [11s]
B4f amp n 64 cell 4 gap 1 (16 cells, 9.92/mm²) G0 1.8 s -0.8 Ia 0.2: BER@3000 0.563/0.500/0.625 onMean 0.00/0.00/0.00 offMax 0.000/0.000/0.000 λL NaN/NaN/NaN [9s]
B4f amp n 64 cell 4 gap 1 (16 cells, 9.92/mm²) G0 2.2 s -0.8 Ia 0.2: BER@3000 0.563/0.500/0.625 onMean 0.00/0.00/0.00 offMax 0.000/0.000/0.000 λL NaN/NaN/NaN [9s]
B4f amp n 64 cell 4 gap 1 (16 cells, 9.92/mm²) G0 2.6 s -0.8 Ia 0.2: BER@3000 0.563/0.500/0.625 onMean 0.00/0.00/0.00 offMax 0.000/0.000/0.000 λL NaN/NaN/NaN [9s]
B4f amp n 64 cell 4 gap 1 (16 cells, 9.92/mm²) G0 3 s -0.8 Ia 0.2: BER@3000 0.125/0.063/0.063 onMean 1.38/1.37/1.55 offMax 1.930/1.755/1.867 λL NaN/NaN/NaN [9s]
B4f amp n 64 cell 4 gap 1 (16 cells, 9.92/mm²) G0 3.5 s -0.8 Ia 0.2: BER@3000 0.375/0.375/0.188 onMean 2.33/2.33/2.49 offMax 2.899/2.919/2.898 λL NaN/NaN/NaN [9s]
B4f amp n 64 cell 4 gap 1 (16 cells, 9.92/mm²) G0 4 s -0.8 Ia 0.2: BER@3000 0.438/0.500/0.375 onMean 3.18/3.17/3.33 offMax 3.799/3.935/3.894 λL NaN/NaN/NaN [9s]
B4f amp n 64 cell 4 gap 2 (16 cells, 6.89/mm²) G0 1.8 s -0.8 Ia 0.2: BER@3000 0.563/0.500/0.625 onMean 0.00/0.00/0.00 offMax 0.000/0.000/0.000 λL NaN/NaN/NaN [9s]
B4f amp n 64 cell 4 gap 2 (16 cells, 6.89/mm²) G0 2.2 s -0.8 Ia 0.2: BER@3000 0.563/0.500/0.625 onMean 0.00/0.00/0.00 offMax 0.000/0.000/0.000 λL NaN/NaN/NaN [9s]
B4f amp n 64 cell 4 gap 2 (16 cells, 6.89/mm²) G0 2.6 s -0.8 Ia 0.2: BER@3000 0.563/0.500/0.625 onMean 0.00/0.00/0.00 offMax 0.000/0.000/0.000 λL NaN/NaN/NaN [9s]
B4f amp n 64 cell 4 gap 2 (16 cells, 6.89/mm²) G0 3 s -0.8 Ia 0.2: BER@3000 0.125/0.125/0.000 onMean 0.97/0.96/1.19 offMax 0.002/0.001/0.003 λL NaN/NaN/-4.3e-4 [10s]
B4f amp n 64 cell 4 gap 2 (16 cells, 6.89/mm²) G0 3.5 s -0.8 Ia 0.2: BER@3000 0.125/0.188/0.063 onMean 1.92/1.87/2.04 offMax 2.686/2.668/2.609 λL NaN/NaN/NaN [9s]
B4f amp n 64 cell 4 gap 2 (16 cells, 6.89/mm²) G0 4 s -0.8 Ia 0.2: BER@3000 0.313/0.375/0.188 onMean 2.74/2.75/2.91 offMax 3.685/3.658/3.563 λL NaN/NaN/NaN [9s]
B4f amp n 64 cell 4 gap 3 (9 cells, 5.06/mm²) G0 1.8 s -0.8 Ia 0.2: BER@3000 0.333/0.444/0.778 onMean 0.00/0.00/0.00 offMax 0.000/0.000/0.000 λL NaN/NaN/NaN [9s]
B4f amp n 64 cell 4 gap 3 (9 cells, 5.06/mm²) G0 2.2 s -0.8 Ia 0.2: BER@3000 0.333/0.444/0.778 onMean 0.00/0.00/0.00 offMax 0.000/0.000/0.000 λL NaN/NaN/NaN [9s]
B4f amp n 64 cell 4 gap 3 (9 cells, 5.06/mm²) G0 2.6 s -0.8 Ia 0.2: BER@3000 0.333/0.444/0.778 onMean 0.00/0.00/0.00 offMax 0.000/0.000/0.000 λL NaN/NaN/NaN [9s]
B4f amp n 64 cell 4 gap 3 (9 cells, 5.06/mm²) G0 3 s -0.8 Ia 0.2: BER@3000 0.000/0.000/0.000 onMean 1.36/1.29/1.32 offMax 0.001/0.001/0.001 λL -6.0e-4/-9.7e-4/2.5e-3 [11s]
B4f amp n 64 cell 4 gap 3 (9 cells, 5.06/mm²) G0 3.5 s -0.8 Ia 0.2: BER@3000 0.000/0.000/0.000 onMean 2.24/2.17/2.21 offMax 0.001/0.002/0.003 λL -5.5e-4/-1.4e-3/6.6e-4 [11s]
B4f amp n 64 cell 4 gap 3 (9 cells, 5.06/mm²) G0 4 s -0.8 Ia 0.2: BER@3000 0.000/0.000/0.111 onMean 3.07/2.99/3.01 offMax 0.001/0.002/3.789 λL -1.6e-3/6.1e-4/NaN [11s]
B4f amp n 64 cell 4 gap 4 (9 cells, 3.88/mm²) G0 1.8 s -0.8 Ia 0.2: BER@3000 0.333/0.444/0.778 onMean 0.00/0.00/0.00 offMax 0.000/0.000/0.000 λL NaN/NaN/NaN [9s]
B4f amp n 64 cell 4 gap 4 (9 cells, 3.88/mm²) G0 2.2 s -0.8 Ia 0.2: BER@3000 0.333/0.444/0.778 onMean 0.00/0.00/0.00 offMax 0.000/0.000/0.000 λL NaN/NaN/NaN [9s]
B4f amp n 64 cell 4 gap 4 (9 cells, 3.88/mm²) G0 2.6 s -0.8 Ia 0.2: BER@3000 0.333/0.444/0.778 onMean 0.00/0.00/0.00 offMax 0.000/0.000/0.000 λL NaN/NaN/NaN [9s]
B4f amp n 64 cell 4 gap 4 (9 cells, 3.88/mm²) G0 3 s -0.8 Ia 0.2: BER@3000 0.000/0.000/0.000 onMean 1.07/0.95/1.01 offMax 0.001/0.001/0.001 λL 9.0e-4/-6.1e-5/7.6e-4 [11s]
B4f amp n 64 cell 4 gap 4 (9 cells, 3.88/mm²) G0 3.5 s -0.8 Ia 0.2: BER@3000 0.000/0.000/0.000 onMean 1.97/1.84/1.89 offMax 0.002/0.002/0.004 λL 7.0e-4/-1.6e-3/1.1e-3 [11s]
B4f amp n 64 cell 4 gap 4 (9 cells, 3.88/mm²) G0 4 s -0.8 Ia 0.2: BER@3000 0.111/0.111/0.111 onMean 2.76/2.59/2.66 offMax 3.739/3.668/3.772 λL NaN/NaN/NaN [9s]
